2026-06-27T00:59:39Z INF Thank you for trying Cloudflare Tunnel. Doing so, without a Cloudflare account, is a quick way to experiment and try it out. However, be aware that these account-less Tunnels have no uptime guarantee, are subject to the Cloudflare Online Services Terms of Use (https://www.cloudflare.com/website-terms/), and Cloudflare reserves the right to investigate your use of Tunnels for violations of such terms. If you intend to use Tunnels in production you should use a pre-created named tunnel by following: https://developers.cloudflare.com/cloudflare-one/connections/connect-apps
2026-06-27T00:59:39Z INF Requesting new quick Tunnel on trycloudflare.com...
2026-06-27T00:59:45Z INF +--------------------------------------------------------------------------------------------+
2026-06-27T00:59:45Z INF |  Your quick Tunnel has been created! Visit it at (it may take some time to be reachable):  |
2026-06-27T00:59:45Z INF |  https://donation-unix-junction-reg.trycloudflare.com                                      |
2026-06-27T00:59:45Z INF +--------------------------------------------------------------------------------------------+
2026-06-27T00:59:45Z INF Cannot determine default configuration path. No file [config.yml config.yaml] in [~/.cloudflared ~/.cloudflare-warp ~/cloudflare-warp]
2026-06-27T00:59:45Z INF Version 2026.5.2 (Checksum 20b9638f685333d623798e733effbad2487093f15ba592f6c7752360ff3b7ab7)
2026-06-27T00:59:45Z INF GOOS: windows, GOVersion: go1.26.3, GoArch: amd64
2026-06-27T00:59:45Z INF Settings: map[ha-connections:1 protocol:quic url:http://localhost:8888]
2026-06-27T00:59:45Z INF cloudflared will not automatically update on Windows systems.
2026-06-27T00:59:45Z INF Generated Connector ID: 9891cc5e-51ac-42c6-9313-be4ed1790067
2026-06-27T00:59:45Z INF Initial protocol quic
2026-06-27T00:59:45Z INF ICMP proxy will use 192.168.1.143 as source for IPv4
2026-06-27T00:59:45Z INF ICMP proxy will use 2605:59c0:1e62:2510:c84c:44e7:c415:be48 in zone Wi-Fi as source for IPv6
2026-06-27T00:59:45Z INF cloudflared does not support loading the system root certificate pool on Windows. Please use --origin-ca-pool <PATH> to specify the path to the certificate pool
2026-06-27T00:59:45Z INF ICMP proxy will use 192.168.1.143 as source for IPv4
2026-06-27T00:59:45Z INF Tunnel connection curve preferences: [X25519MLKEM768 CurveID(65074) CurveP256] connIndex=0 event=0 ip=2606:4700:a8::6
2026-06-27T00:59:45Z INF ICMP proxy will use 2605:59c0:1e62:2510:c84c:44e7:c415:be48 in zone Wi-Fi as source for IPv6
2026-06-27T00:59:45Z INF Starting metrics server on 127.0.0.1:20243/metrics
2026-06-27T00:59:46Z INF +-------------------------------------------------------------------------------------+
2026-06-27T00:59:46Z INF |                               CONNECTIVITY PRE-CHECKS                               |
2026-06-27T00:59:46Z INF +-------------------------------------------------------------------------------------+
2026-06-27T00:59:46Z INF |  COMPONENT         TARGET                     STATUS  DETAILS                       |
2026-06-27T00:59:46Z INF |  DNS Resolution    region1.v2.argotunnel.com  PASS    DNS Resolved successfully     |
2026-06-27T00:59:46Z INF |  DNS Resolution    region2.v2.argotunnel.com  PASS    DNS Resolved successfully     |
2026-06-27T00:59:46Z INF |  UDP Connectivity  region1.v2.argotunnel.com  PASS    QUIC connection successful    |
2026-06-27T00:59:46Z INF |  UDP Connectivity  region2.v2.argotunnel.com  PASS    QUIC connection successful    |
2026-06-27T00:59:46Z INF |  TCP Connectivity  region1.v2.argotunnel.com  PASS    HTTP/2 connection successful  |
2026-06-27T00:59:46Z INF |  TCP Connectivity  region2.v2.argotunnel.com  PASS    HTTP/2 connection successful  |
2026-06-27T00:59:46Z INF |  Cloudflare API    api.cloudflare.com:443     PASS    API is reachable              |
2026-06-27T00:59:46Z INF |                                                                                     |
2026-06-27T00:59:46Z INF |  SUMMARY: Environment is healthy. cloudflared will use 'quic' as primary protocol.  |
2026-06-27T00:59:46Z INF +-------------------------------------------------------------------------------------+
2026-06-27T00:59:46Z INF precheck component="DNS Resolution" details="DNS Resolved successfully" run_id=17b945c1-e406-460c-a257-5423228f13bb status=pass target=region1.v2.argotunnel.com
